git remote set-url origin https://git hub personal token @github.com/SubhajitParia/Git-For-DevOps.git


#####################################################################
     SSH HACK
########################################################

ubuntu@ip-172-31-14-239:~$ cd .ssh
ubuntu@ip-172-31-14-239:~/.ssh$ ls
authorized_keys
ubuntu@ip-172-31-14-239:~/.ssh$ ssh-keygen
Generating public/private ed25519 key pair.
Enter file in which to save the key (/home/ubuntu/.ssh/id_ed25519):
Enter passphrase (empty for no passphrase):
Enter same passphrase again:
Your identification has been saved in /home/ubuntu/.ssh/id_ed25519
Your public key has been saved in /home/ubuntu/.ssh/id_ed25519.pub
The key fingerprint is:
SHA256:/et+n6xbRp3EjBxjwWiLgZt/W1yNSi1sYle+jOJ8OmI ubuntu@ip-172-31-14-239
The key's randomart image is:
+--[ED25519 256]--+
|        .   o=.  |
|       . . oo.B  |
|        o +..* =.|
|       o oo.* =.+|
|        S..=.=.+.|
|         ..ooo+  |
|         o..+  o |
|        E +...= .|
|       . ..*++o+.|
+----[SHA256]-----+
ubuntu@ip-172-31-14-239:~/.ssh$ ls
authorized_keys  id_ed25519  id_ed25519.pub
ubuntu@ip-172-31-14-239:~/.ssh$ cat id_ed25519.pub

######################################################
Set SSH Key in Git hub Then,  Autometic push your Remote Server - Github.com

ubuntu@ip-172-31-14-239:~/github/Git-For-DevOps$ vim README.md
ubuntu@ip-172-31-14-239:~/github/Git-For-DevOps$ git remote -v
origin  git@github.com:SubhajitParia/Git-For-DevOps.git (fetch)
origin  git@github.com:SubhajitParia/Git-For-DevOps.git (push)
ubuntu@ip-172-31-14-239:~/github/Git-For-DevOps$ git status
On branch main
Your branch is up to date with 'origin/main'.

Changes not staged for commit:
  (use "git add <file>..." to update what will be committed)
  (use "git restore <file>..." to discard changes in working directory)
        modified:   README.md

no changes added to commit (use "git add" and/or "git commit -a")
ubuntu@ip-172-31-14-239:~/github/Git-For-DevOps$ git add README.md
ubuntu@ip-172-31-14-239:~/github/Git-For-DevOps$ git commit -m "added some change"
[main 5a95f02] added some change
 1 file changed, 2 insertions(+)
ubuntu@ip-172-31-14-239:~/github/Git-For-DevOps$ git push
Enumerating objects: 5, done.
Counting objects: 100% (5/5), done.
Compressing objects: 100% (3/3), done.
Writing objects: 100% (3/3), 386 bytes | 386.00 KiB/s, done.
Total 3 (delta 0), reused 0 (delta 0), pack-reused 0
To github.com:SubhajitParia/Git-For-DevOps.git
   4696756..5a95f02  main -> main
