git remote set-url origin https://git hub personal token @github.com/SubhajitParia/Git-For-DevOps.git


#####################################################################
     SSH HACK
########################################################

ubuntu@ip-172-31-14-239:~$ cd .ssh
ubuntu@ip-172-31-14-239:~/.ssh$ ls
authorized_keys
ubuntu@ip-172-31-14-239:~/.ssh$ ssh-keygen
Generating public/private ed25519 key pair.
Enter file in which to save the key (/home/ubuntu/.ssh/id_ed25519):
Enter passphrase (empty for no passphrase):
Enter same passphrase again:
Your identification has been saved in /home/ubuntu/.ssh/id_ed25519
Your public key has been saved in /home/ubuntu/.ssh/id_ed25519.pub
The key fingerprint is:
SHA256:/et+n6xbRp3EjBxjwWiLgZt/W1yNSi1sYle+jOJ8OmI ubuntu@ip-172-31-14-239
The key's randomart image is:
+--[ED25519 256]--+
|        .   o=.  |
|       . . oo.B  |
|        o +..* =.|
|       o oo.* =.+|
|        S..=.=.+.|
|         ..ooo+  |
|         o..+  o |
|        E +...= .|
|       . ..*++o+.|
+----[SHA256]-----+
ubuntu@ip-172-31-14-239:~/.ssh$ ls
authorized_keys  id_ed25519  id_ed25519.pub
ubuntu@ip-172-31-14-239:~/.ssh$ cat id_ed25519.pub

######################################################
Set SSH Key in Git hub Then,  Autometic push your Remote Server - Github.com

ubuntu@ip-172-31-14-239:~/github/Git-For-DevOps$ vim README.md
ubuntu@ip-172-31-14-239:~/github/Git-For-DevOps$ git remote -v
origin  git@github.com:SubhajitParia/Git-For-DevOps.git (fetch)
origin  git@github.com:SubhajitParia/Git-For-DevOps.git (push)
ubuntu@ip-172-31-14-239:~/github/Git-For-DevOps$ git status
On branch main
Your branch is up to date with 'origin/main'.

Changes not staged for commit:
  (use "git add <file>..." to update what will be committed)
  (use "git restore <file>..." to discard changes in working directory)
        modified:   README.md

no changes added to commit (use "git add" and/or "git commit -a")
ubuntu@ip-172-31-14-239:~/github/Git-For-DevOps$ git add README.md
ubuntu@ip-172-31-14-239:~/github/Git-For-DevOps$ git commit -m "added some change"
[main 5a95f02] added some change
 1 file changed, 2 insertions(+)
ubuntu@ip-172-31-14-239:~/github/Git-For-DevOps$ git push
Enumerating objects: 5, done.
Counting objects: 100% (5/5), done.
Compressing objects: 100% (3/3), done.
Writing objects: 100% (3/3), 386 bytes | 386.00 KiB/s, done.
Total 3 (delta 0), reused 0 (delta 0), pack-reused 0
To github.com:SubhajitParia/Git-For-DevOps.git
   4696756..5a95f02  main -> main

#########################################

Remote to your local server changes show
 git pull origin main






##################################################################################
 Branching Stratiges GitHub

ubuntu@ip-172-31-14-239:~$ cd github/Git-For-DevOps
ubuntu@ip-172-31-14-239:~/github/Git-For-DevOps$ git branch
* main
ubuntu@ip-172-31-14-239:~/github/Git-For-DevOps$ git checkout -b staging
Switched to a new branch 'staging'
ubuntu@ip-172-31-14-239:~/github/Git-For-DevOps$ git checkout -b dev
Switched to a new branch 'dev'
ubuntu@ip-172-31-14-239:~/github/Git-For-DevOps$ git branch
* dev
  main
  staging
ubuntu@ip-172-31-14-239:~/github/Git-For-DevOps$ ls
'Git Remote Set-URL Hack'   README.md   comands.md
ubuntu@ip-172-31-14-239:~/github/Git-For-DevOps$ vim branching.md
ubuntu@ip-172-31-14-239:~/github/Git-For-DevOps$ git status
On branch dev
Untracked files:
  (use "git add <file>..." to include in what will be committed)
        branching.md

nothing added to commit but untracked files present (use "git add" to track)
ubuntu@ip-172-31-14-239:~/github/Git-For-DevOps$ git add branching.md
ubuntu@ip-172-31-14-239:~/github/Git-For-DevOps$ git commmit -m "Added Branching Strategies"
git: 'commmit' is not a git command. See 'git --help'.

The most similar command is
        commit
ubuntu@ip-172-31-14-239:~/github/Git-For-DevOps$ git commit -m "Added Branching Stategies"
[dev 173f6c0] Added Branching Stategies
 1 file changed, 1 insertion(+)
 create mode 100644 branching.md
ubuntu@ip-172-31-14-239:~/github/Git-For-DevOps$ git log --oneline
173f6c0 (HEAD -> dev) Added Branching Stategies
f276b48 (origin/main, origin/HEAD, staging, main) Update README.md
f78d15e Update Git Remote Set-URL Hack
5a95f02 added some change
4696756 added some chenges
7982892 Create Git Remote Set-URL Hack
37819e6 added readme
71cf32c Create comands.md
ubuntu@ip-172-31-14-239:~/github/Git-For-DevOps$ git checkout staging
Switched to branch 'staging'
ubuntu@ip-172-31-14-239:~/github/Git-For-DevOps$ git status
On branch staging
nothing to commit, working tree clean
ubuntu@ip-172-31-14-239:~/github/Git-For-DevOps$ ls
'Git Remote Set-URL Hack'   README.md   comands.md
ubuntu@ip-172-31-14-239:~/github/Git-For-DevOps$ git merge dev
Updating f276b48..173f6c0
Fast-forward
 branching.md | 1 +
 1 file changed, 1 insertion(+)
 create mode 100644 branching.md
ubuntu@ip-172-31-14-239:~/github/Git-For-DevOps$ ls
'Git Remote Set-URL Hack'   README.md   branching.md   comands.md
ubuntu@ip-172-31-14-239:~/github/Git-For-DevOps$ git log --oneline
173f6c0 (HEAD -> staging, dev) Added Branching Stategies
f276b48 (origin/main, origin/HEAD, main) Update README.md
f78d15e Update Git Remote Set-URL Hack
5a95f02 added some change
4696756 added some chenges
7982892 Create Git Remote Set-URL Hack
37819e6 added readme
71cf32c Create comands.md
ubuntu@ip-172-31-14-239:~/github/Git-For-DevOps$ git status
On branch staging
nothing to commit, working tree clean
ubuntu@ip-172-31-14-239:~/github/Git-For-DevOps$ git push origin staging
Enumerating objects: 24, done.
Counting objects: 100% (24/24), done.
Compressing objects: 100% (22/22), done.
Writing objects: 100% (24/24), 6.25 KiB | 2.08 MiB/s, done.
Total 24 (delta 5), reused 3 (delta 0), pack-reused 0
remote: Resolving deltas: 100% (5/5), done.
remote:
remote: Create a pull request for 'staging' on GitHub by visiting:
remote:      https://github.com/SubhajitParia/Git-For-DevOps/pull/new/staging
remote:
To github.com:SubhajitParia/Git-For-DevOps.git
 * [new branch]      staging -> staging
